error[duplicate_condition]: condition can be simplified
  ┌─ duplicate_condition.lua:2:7
  │
2 │ print(x and x) -- simplifies to x
  │       ^^^^^^^ can be simplified to `x`

error[duplicate_condition]: condition can be simplified
  ┌─ duplicate_condition.lua:3:7
  │
3 │ print(x and x or y) -- simplifies to x or y
  │       ^^^^^^^^^^^^ can be simplified to `x or y`

error[duplicate_condition]: condition can be simplified
  ┌─ duplicate_condition.lua:4:7
  │
4 │ print(x or x and y) -- simplifies to x
  │       ^^^^^^^^^^^^ can be simplified to `x`

error[duplicate_condition]: condition can be simplified
  ┌─ duplicate_condition.lua:5:7
  │
5 │ print(x or y or x) -- simplifies to x or y
  │       ^^^^^^^^^^^ can be simplified to `x or y`

error[duplicate_condition]: condition can be simplified
  ┌─ duplicate_condition.lua:6:7
  │
6 │ print(not x and not x) -- simplifies to not x
  │       ^^^^^^^^^^^^^^^ can be simplified to `not x`

error[duplicate_condition]: condition can be simplified
   ┌─ duplicate_condition.lua:61:7
   │
61 │ while foo and foo or bar do end
   │       ^^^^^^^^^^^^^^^^^^ can be simplified to `foo or bar`

error[duplicate_condition]: condition can be simplified
   ┌─ duplicate_condition.lua:62:7
   │
62 │ while foo or foo and bar do end
   │       ^^^^^^^^^^^^^^^^^^ can be simplified to `foo`

error[duplicate_condition]: condition can be simplified
   ┌─ duplicate_condition.lua:63:14
   │
63 │ repeat until not foo and not foo
   │              ^^^^^^^^^^^^^^^^^^^ can be simplified to `not foo`

error[duplicate_condition]: condition can be simplified
   ┌─ duplicate_condition.lua:64:14
   │
64 │ repeat until x.y or x.y
   │              ^^^^^^^^^^ can be simplified to `x.y`

