error[unused_variable]: localA is unused

   ┌── locals.lua:2:7 ───
   │
 2 │ local localA, localB
   │       ^^^^^^
   │

error[unused_variable]: localB is unused

   ┌── locals.lua:2:15 ───
   │
 2 │ local localA, localB
   │               ^^^^^^
   │

error[unused_variable]: localD is mutated, but never used

   ┌── locals.lua:9:7 ───
   │
 9 │ local localD = 1
   │       ^^^^^^
   │

error[unused_variable]: assignment to localF is overriden before it can be read

    ┌── locals.lua:22:1 ───
    │
 22 │ localF = 2
    │ ^^^^^^
    │

error[unused_variable]: localI is unused

    ┌── locals.lua:30:7 ───
    │
 30 │ local localI = { localH }
    │       ^^^^^^
    │

