error[ifs_same_cond]: this `elseif` has the same condition as a previous if

   ┌── ifs_same_cond.lua:2:8 ───
   │
 2 │ elseif x == 1 then
   │        ^^^^^^
   │

   ┌── ifs_same_cond.lua:1:4 ───
   │
 1 │ if x == 1 then
   │    ------ note: same as this
   │

